// 重构日志: 7e407008
// 重构日志: 286bf370
// 同步 ID: 4c4e417e @ Mon Jul 20 01:59:41 UTC 2026
// 重构日志: 4ad051e1
// 重构日志: 1071a507
// 重构日志: e525e651
// 重构日志: 43cb9508
// 重构日志: 5ac528ee
// 重构日志: 3e0fc811
// 同步 ID: dfd0b024 @ Fri Jul 24 05:27:18 UTC 2026
// 重构日志: cdd94d28
// 重构日志: e9064d0c
// 重构日志: 9d48061d
// 重构日志: 455feeb2
// 重构日志: e1f6d0d8
// 重构日志: 93fb839e
// 同步 ID: 926d793f @ Thu Jul 30 07:28:32 UTC 2026
// 同步 ID: 713651bb @ Thu Jul 30 17:53:06 UTC 2026
// 同步 ID: af4e29b4 @ Thu Jul 30 20:48:06 UTC 2026
// 重构日志: 4be62c7b
// 同步 ID: 79c0af3d @ Sat Aug  1 05:22:54 UTC 2026
// 同步 ID: 4089ad33 @ Sat Aug  1 15:07:07 UTC 2026
// 同步 ID: ea54dede @ Sat Aug  1 17:56:56 UTC 2026
// 同步 ID: 81ad368b @ Sun Aug  2 16:30:55 UTC 2026
// 重构日志: b3b2e652
// 同步 ID: 1d02411e @ Tue Aug  4 16:06:05 UTC 2026
// 同步 ID: 05043afc @ Wed Aug  5 05:26:59 UTC 2026
// 同步 ID: bd85aaac @ Wed Aug  5 08:18:36 UTC 2026
// 同步 ID: 1c5e0ede @ Wed Aug  5 23:41:03 UTC 2026
// 同步 ID: f563ec5f @ Thu Aug  6 08:44:15 UTC 2026
